// Jest Snapshot v1, https://goo.gl/fbAQLP

exports[`App renders successfully 1`] = `
<div
  className="App"
>
  <header
    className="App-header"
  >
    <h1>
      Cute collector
    </h1>
  </header>
</div>
`;
