// Jest Snapshot v1, https://goo.gl/fbAQLP

exports[`Image matches the snapshot 1`] = `
<Image
  className="Image"
  imageUrl="https://picsum.photos/200/300"
  onChange={[Function]}
  title="photo"
/>
`;
